cargo :     Updating crates.io index
At C:\Users\wlwil\Desktop\Aeonmi Files\Aeonmi-aeonmi01\clean_build.ps1:6 char:1
+ cargo build --release 2>&1 | Tee-Object -FilePath build_output.txt
+ ~~~~~~~~~~~~~~~~~~~~~~~~~~
    + CategoryInfo          : NotSpecified: (    Updating crates.io index:String) [], RemoteException
    + FullyQualifiedErrorId : NativeCommandError
 
     Locking 4 packages to latest compatible versions
      Adding chacha20poly1305 v0.10.1
      Adding hkdf v0.12.4
      Adding hmac v0.12.1
      Adding poly1305 v0.8.0
 Downloading crates ...
  Downloaded argon2 v0.5.3
  Downloaded base64ct v1.8.0
  Downloaded password-hash v0.5.0
  Downloaded poly1305 v0.8.0
  Downloaded hmac v0.12.1
  Downloaded chacha20poly1305 v0.10.1
  Downloaded blake2 v0.10.6
  Downloaded hkdf v0.12.4
   Compiling cfg-if v1.0.1
   Compiling proc-macro2 v1.0.97
   Compiling unicode-ident v1.0.18
   Compiling autocfg v1.5.0
   Compiling version_check v0.9.5
   Compiling windows_x86_64_msvc v0.52.6
   Compiling typenum v1.18.0
   Compiling getrandom v0.2.16
   Compiling rand_core v0.6.4
   Compiling generic-array v0.14.7
   Compiling windows-targets v0.52.6
   Compiling libm v0.2.15
   Compiling num-traits v0.2.19
   Compiling windows_x86_64_msvc v0.53.0
   Compiling quote v1.0.40
   Compiling syn v2.0.104
   Compiling winapi v0.3.9
   Compiling crypto-common v0.1.6
   Compiling windows-targets v0.53.3
   Compiling windows-sys v0.60.2
   Compiling zerocopy v0.8.26
   Compiling serde_core v1.0.228
   Compiling bitflags v1.3.2
   Compiling subtle v2.6.1
   Compiling windows_x86_64_msvc v0.42.2
   Compiling log v0.4.27
   Compiling getrandom v0.3.3
   Compiling bitflags v2.9.1
   Compiling once_cell v1.21.3
   Compiling khronos_api v3.1.0
   Compiling windows-targets v0.42.2
   Compiling jobserver v0.1.34
   Compiling lock_api v0.4.13
   Compiling libc v0.2.175
   Compiling parking_lot_core v0.9.11
   Compiling shlex v1.3.0
   Compiling cpufeatures v0.2.17
   Compiling zerocopy-derive v0.8.26
   Compiling thiserror v1.0.69
   Compiling cc v1.2.34
   Compiling thiserror-impl v1.0.69
   Compiling winapi-util v0.1.10
   Compiling scopeguard v1.2.0
   Compiling bytemuck v1.23.2
   Compiling allocator-api2 v0.2.21
   Compiling xml-rs v0.8.28
   Compiling smallvec v1.15.1
   Compiling gl_generator v0.14.0
   Compiling libloading v0.7.4
   Compiling ahash v0.8.12
   Compiling arrayvec v0.7.6
   Compiling block-buffer v0.10.4
   Compiling dunce v1.0.5
   Compiling cfg_aliases v0.1.1
   Compiling serde v1.0.228
   Compiling unicode-width v0.1.14
   Compiling rustversion v1.0.22
   Compiling pqcrypto-internals v0.2.11
   Compiling digest v0.10.7
   Compiling parking_lot v0.12.4
   Compiling serde_derive v1.0.228
   Compiling inout v0.1.4
   Compiling windows-sys v0.59.0
   Compiling indexmap v1.9.3
   Compiling lazy_static v1.5.0
   Compiling glob v0.3.3
   Compiling com-rs v0.2.1
   Compiling equivalent v1.0.2
   Compiling raw-window-handle v0.5.2
   Compiling zeroize v1.8.1
   Compiling cipher v0.4.4
   Compiling hashbrown v0.14.5
   Compiling termcolor v1.4.1
   Compiling universal-hash v0.5.1
   Compiling opaque-debug v0.3.1
   Compiling ash v0.37.3+1.3.251
   Compiling paste v1.0.15
   Compiling rustc-demangle v0.1.26
   Compiling hashbrown v0.12.3
   Compiling windows-link v0.2.1
   Compiling heck v0.5.0
   Compiling khronos-egl v4.1.0
   Compiling bit-vec v0.6.3
   Compiling windows_x86_64_msvc v0.48.5
   Compiling bit-set v0.5.3
   Compiling libloading v0.8.9
   Compiling backtrace v0.3.75
   Compiling codespan-reporting v0.11.1
   Compiling symphonia-core v0.5.5
   Compiling glutin_egl_sys v0.5.1
   Compiling glutin_wgl_sys v0.4.0
   Compiling windows-sys v0.45.0
   Compiling windows v0.44.0
   Compiling gpu-alloc-types v0.3.0
   Compiling gpu-descriptor-types v0.1.2
   Compiling spirv v0.2.0+1.5.4
   Compiling windows-result v0.1.2
   Compiling encoding_rs v0.8.35
   Compiling rustc-hash v1.1.0
   Compiling unicode-xid v0.2.6
   Compiling once_cell_polyfill v1.70.1
   Compiling glow v0.12.3
   Compiling utf8parse v0.2.2
   Compiling hexf-parse v0.2.1
   Compiling cgmath v0.18.0
   Compiling widestring v1.2.1
   Compiling tinyvec_macros v0.1.1
   Compiling either v1.15.0
   Compiling crossbeam-utils v0.8.21
   Compiling anstyle v1.0.11
   Compiling tinyvec v1.10.0
   Compiling anstyle-wincon v3.0.10
   Compiling hassle-rs v0.10.0
   Compiling naga v0.13.0
   Compiling anstyle-parse v0.2.7
   Compiling symphonia-metadata v0.5.5
   Compiling gpu-allocator v0.22.0
   Compiling windows-core v0.54.0
   Compiling gpu-descriptor v0.2.4
   Compiling gpu-alloc v0.6.0
   Compiling toml v0.5.11
   Compiling d3d12 v0.7.0
   Compiling winit v0.28.7
   Compiling glutin v0.30.10
   Compiling ppv-lite86 v0.2.21
   Compiling safe_arch v0.7.4
   Compiling wgpu-types v0.17.0
   Compiling approx v0.4.0
   Compiling anstyle-query v1.1.4
   Compiling matrixmultiply v0.3.10
   Compiling profiling v1.0.17
   Compiling foldhash v0.1.5
   Compiling ryu v1.0.20
   Compiling range-alloc v0.1.4
   Compiling byteorder v1.5.0
   Compiling renderdoc-sys v1.1.0
   Compiling cpal v0.15.3
   Compiling itoa v1.0.15
   Compiling static_assertions v1.1.0
   Compiling hashbrown v0.16.0
   Compiling is_terminal_polyfill v1.70.1
   Compiling colorchoice v1.0.4
   Compiling anstream v0.6.20
   Compiling indexmap v2.12.0
   Compiling wgpu-hal v0.17.2
   Compiling ogg v0.8.0
   Compiling hashbrown v0.15.5
   Compiling wide v0.7.33
   Compiling rand_chacha v0.3.1
   Compiling windows-targets v0.48.5
   Compiling winres v0.1.12
   Compiling windows v0.54.0
   Compiling symphonia-bundle-mp3 v0.5.5
   Compiling itertools v0.13.0
   Compiling strum_macros v0.26.4
   Compiling polyval v0.6.2
   Compiling castaway v0.2.4
   Compiling toml_datetime v0.6.11
   Compiling serde_spanned v0.6.9
   Compiling pqcrypto-sphincsplus v0.7.2
   Compiling pqcrypto-kyber v0.7.9
   Compiling half v2.7.1
   Compiling same-file v1.0.6
   Compiling crossterm_winapi v0.9.1
   Compiling approx v0.5.1
   Compiling num-integer v0.1.46
   Compiling num-complex v0.4.6
   Compiling aead v0.5.2
   Compiling instant v0.1.13
   Compiling pqcrypto-traits v0.3.5
   Compiling strsim v0.11.1
   Compiling winnow v0.7.13
   Compiling serde_json v1.0.143
   Compiling base64ct v1.8.0
   Compiling anyhow v1.0.99
   Compiling toml_write v0.1.2
   Compiling unicode-segmentation v1.12.0
   Compiling rawpointer v0.2.1
   Compiling dasp_sample v0.11.0
   Compiling clap_lex v0.7.5
   Compiling clap_builder v4.5.44
   Compiling unicode-truncate v1.1.0
   Compiling toml_edit v0.22.27
   Compiling password-hash v0.5.0
   Compiling simba v0.9.0
   Compiling num-rational v0.4.2
   Compiling crossterm v0.27.0
   Compiling walkdir v2.5.0
   Compiling three-d-asset v0.6.0
   Compiling compact_str v0.7.1
   Compiling ghash v0.5.1
   Compiling strum v0.26.3
   Compiling crossbeam-channel v0.5.15
   Compiling symphonia v0.5.5
   Compiling aeonmi_project v1.0.0-quantum-consciousness (C:\Users\wlwil\Desktop\Aeonmi Files\Aeonmi-aeonmi01)
   Compiling rand v0.8.5
   Compiling windows-sys v0.48.0
   Compiling wgpu-core v0.17.1
   Compiling lru v0.12.5
   Compiling lewton v0.10.2
   Compiling itertools v0.12.1
   Compiling clap_derive v4.5.41
   Compiling poly1305 v0.8.0
   Compiling chacha20 v0.9.1
   Compiling ctr v0.9.2
   Compiling aes v0.8.4
   Compiling mio v1.0.4
   Compiling socket2 v0.6.0
   Compiling blake2 v0.10.6
   Compiling hmac v0.12.1
   Compiling dirs-sys-next v0.1.2
   Compiling tokio-macros v2.5.0
   Compiling stability v0.2.1
   Compiling nalgebra-macros v0.2.2
   Compiling filetime v0.2.26
   Compiling fastrand v2.3.0
   Compiling cassowary v0.3.0
   Compiling claxon v0.4.3
   Compiling bytes v1.10.1
   Compiling windows-link v0.1.3
   Compiling memchr v2.7.5
   Compiling pin-project-lite v0.2.16
   Compiling hound v3.5.1
   Compiling tokio v1.47.1
   Compiling rodio v0.17.3
   Compiling chrono v0.4.41
   Compiling ratatui v0.26.3
   Compiling tempfile v3.20.0
   Compiling nalgebra v0.33.2
   Compiling notify v6.1.1
   Compiling dirs-next v2.0.0
   Compiling argon2 v0.5.3
   Compiling hkdf v0.12.4
   Compiling aes-gcm v0.10.3
   Compiling clap v4.5.44
   Compiling wgpu v0.17.2
   Compiling chacha20poly1305 v0.10.1
   Compiling three-d v0.16.4
   Compiling rand_distr v0.4.3
   Compiling toml v0.8.23
   Compiling unicode-normalization v0.1.24
   Compiling uuid v1.18.1
   Compiling dashmap v5.5.3
   Compiling colored v2.2.0
   Compiling ctrlc v3.4.7
   Compiling sha1 v0.10.6
   Compiling sha2 v0.10.9
   Compiling async-trait v0.1.89
   Compiling base64 v0.22.1
   Compiling whoami v1.6.1
   Compiling fs_extra v1.3.0
error: cannot find derive macro `ZeroizeOnDrop` in this scope
  --> src\glyph\mgk.rs:11:17
   |
11 | #[derive(Clone, ZeroizeOnDrop)]
   |                 ^^^^^^^^^^^^^
   |
note: `ZeroizeOnDrop` is imported here, but it is only a trait, without a derive macro
  --> src\glyph\mgk.rs:6:24
   |
 6 | use zeroize::{Zeroize, ZeroizeOnDrop};
   |                        ^^^^^^^^^^^^^

warning: unused import: `crate::core::ast::ASTNode`
 --> src\core\circuit_builder.rs:5:5
  |
5 | use crate::core::ast::ASTNode;
  |     ^^^^^^^^^^^^^^^^^^^^^^^^^
  |
  = note: `#[warn(unused_imports)]` (part of `#[warn(unused)]`) on by default

warning: unused import: `QubitId`
 --> src\core\circuit_visualization.rs:4:89
  |
4 | use crate::core::circuit_builder::{QuantumCircuitBuilder, QuantumGate, QuantumGateType, QubitId};
  |                                                                                         ^^^^^^^

warning: unused import: `std::collections::HashMap`
 --> src\core\circuit_visualization.rs:5:5
  |
5 | use std::collections::HashMap;
  |     ^^^^^^^^^^^^^^^^^^^^^^^^^

warning: unused import: `std::fmt`
 --> src\core\circuit_visualization.rs:6:5
  |
6 | use std::fmt;
  |     ^^^^^^^^

warning: unused imports: `EnumVariant`, `FieldDecl`, and `MatchArm`
 --> src\core\parser.rs:4:14
  |
4 |     ASTNode, EnumVariant, FieldDecl, FStringPart, FunctionParam,
  |              ^^^^^^^^^^^  ^^^^^^^^^
5 |     MatchArm, MatchPattern, QuantumBindingType, QuantumFunctionType,
  |     ^^^^^^^^

warning: unexpected `cfg` condition value: `kdf-argon2`
  --> src\core\api_keys.rs:17:11
   |
17 |     #[cfg(feature = "kdf-argon2")]
   |           ^^^^^^^^^^^^^^^^^^^^^^
   |
   = note: expected values for `feature` are: `ai-copilot`, `ai-deepseek`, `ai-openai`, `ai-perplexity`, `bytecode`, 
`debug-metrics`, `default`, `full-suite`, `holographic`, `minimal`, `mother-ai`, `nalgebra`, `num-complex`, `numpy`, 
`pyo3`, `qiskit`, `quantum`, `quantum-vault`, `reqwest`, `ring`, `rodio`, `rustls`, `three-d`, `titan-libraries`, 
`tokio`, `voice`, `wgpu`, and `winit`
   = help: consider adding `kdf-argon2` as a feature in `Cargo.toml`
   = note: see <https://doc.rust-lang.org/nightly/rustc/check-cfg/cargo-specifics.html> for more information about 
checking conditional configuration
   = note: `#[warn(unexpected_cfgs)]` on by default

warning: unexpected `cfg` condition value: `kdf-argon2`
  --> src\core\api_keys.rs:33:15
   |
33 |     #[cfg(not(feature = "kdf-argon2"))]
   |               ^^^^^^^^^^^^^^^^^^^^^^
   |
   = note: expected values for `feature` are: `ai-copilot`, `ai-deepseek`, `ai-openai`, `ai-perplexity`, `bytecode`, 
`debug-metrics`, `default`, `full-suite`, `holographic`, `minimal`, `mother-ai`, `nalgebra`, `num-complex`, `numpy`, 
`pyo3`, `qiskit`, `quantum`, `quantum-vault`, `reqwest`, `ring`, `rodio`, `rustls`, `three-d`, `titan-libraries`, 
`tokio`, `voice`, `wgpu`, and `winit`
   = help: consider adding `kdf-argon2` as a feature in `Cargo.toml`
   = note: see <https://doc.rust-lang.org/nightly/rustc/check-cfg/cargo-specifics.html> for more information about 
checking conditional configuration

warning: unused import: `PasswordHasher`
 --> src\glyph\mgk.rs:4:22
  |
4 | use argon2::{Argon2, PasswordHasher};
  |                      ^^^^^^^^^^^^^^

warning: unused import: `crate::core::ast::ASTNode`
  --> src\quantum_ast_tests.rs:1:5
   |
 1 | use crate::core::ast::ASTNode;
   |     ^^^^^^^^^^^^^^^^^^^^^^^^^
   |
help: if this is a test module, consider adding a `#[cfg(test)]` to the containing module
  --> src\lib.rs:16:1
   |
16 | pub mod quantum_ast_tests; // Quantum AST integration tests
   | ^^^^^^^^^^^^^^^^^^^^^^^^^^

warning: unused import: `crate::core::code_generator::CodeGenerator`
  --> src\quantum_ast_tests.rs:2:5
   |
 2 | use crate::core::code_generator::CodeGenerator;
   |     ^^^^^^^^^^^^^^^^^^^^^^^^^^^^^^^^^^^^^^^^^^
   |
help: if this is a test module, consider adding a `#[cfg(test)]` to the containing module
  --> src\lib.rs:16:1
   |
16 | pub mod quantum_ast_tests; // Quantum AST integration tests
   | ^^^^^^^^^^^^^^^^^^^^^^^^^^

error[E0433]: failed to resolve: use of unresolved module or unlinked crate `rpassword`
   --> src\commands\vault.rs:327:17
    |
327 |     let pass1 = rpassword::prompt_password("  Passphrase: ").context("read passphrase")?;
    |                 ^^^^^^^^^ use of unresolved module or unlinked crate `rpassword`
    |
    = help: if you wanted to use a crate named `rpassword`, use `cargo add rpassword` to add it to your `Cargo.toml`

error[E0433]: failed to resolve: use of unresolved module or unlinked crate `rpassword`
   --> src\commands\vault.rs:328:17
    |
328 |     let pass2 = rpassword::prompt_password("  Confirm:    ").context("read confirm")?;
    |                 ^^^^^^^^^ use of unresolved module or unlinked crate `rpassword`
    |
    = help: if you wanted to use a crate named `rpassword`, use `cargo add rpassword` to add it to your `Cargo.toml`

error[E0433]: failed to resolve: use of unresolved module or unlinked crate `rpassword`
   --> src\commands\vault.rs:342:5
    |
342 |     rpassword::prompt_password("  Enter passphrase to unseal MGK: ").context("read passphrase")
    |     ^^^^^^^^^ use of unresolved module or unlinked crate `rpassword`
    |
    = help: if you wanted to use a crate named `rpassword`, use `cargo add rpassword` to add it to your `Cargo.toml`

error[E0433]: failed to resolve: use of unresolved module or unlinked crate `hex`
  --> src\glyph\mgk.rs:60:22
   |
60 |         let ct_hex = hex::encode(ciphertext);
   |                      ^^^ use of unresolved module or unlinked crate `hex`
   |
   = help: if you wanted to use a crate named `hex`, use `cargo add hex` to add it to your `Cargo.toml`

error[E0433]: failed to resolve: use of unresolved module or unlinked crate `hex`
  --> src\glyph\mgk.rs:79:26
   |
79 |         let ciphertext = hex::decode(ct_hex).context("invalid hex in sealed MGK")?;
   |                          ^^^ use of unresolved module or unlinked crate `hex`
   |
   = help: if you wanted to use a crate named `hex`, use `cargo add hex` to add it to your `Cargo.toml`

error[E0433]: failed to resolve: use of unresolved module or unlinked crate `hex`
   --> src\glyph\vault.rs:144:9
    |
144 |         hex::encode(leaves[0])
    |         ^^^ use of unresolved module or unlinked crate `hex`
    |
    = help: if you wanted to use a crate named `hex`, use `cargo add hex` to add it to your `Cargo.toml`

error[E0004]: non-exhaustive patterns: `VaultCommand::Init(_)` not covered
  --> src\commands\vault.rs:28:11
   |
28 |     match command {
   |           ^^^^^^^ pattern `VaultCommand::Init(_)` not covered
   |
note: `VaultCommand` defined here
  --> src\cli_vault.rs:5:10
   |
 5 | pub enum VaultCommand {
   |          ^^^^^^^^^^^^
 6 |     /// Initialize the Glyph Identity System (MGK + boot ceremony)
 7 |     Init(VaultInitArgs),
   |     ---- not covered
   = note: the matched value is of type `VaultCommand`
help: ensure that all possible cases are being handled by adding a match arm with a wildcard pattern or an explicit 
pattern as shown
   |
158~         },
159+         VaultCommand::Init(_) => todo!()
   |

warning: unused variable: `a0`
   --> src\commands\quantum.rs:222:9
    |
222 |     let a0 = psi.data[0];
    |         ^^ help: if this is intentional, prefix it with an underscore: `_a0`
    |
    = note: `#[warn(unused_variables)]` (part of `#[warn(unused)]`) on by default

warning: unused variable: `qubit_count`
  --> src\core\circuit_visualization.rs:88:13
   |
88 |         let qubit_count = circuit.qubits.len();
   |             ^^^^^^^^^^^
   |
help: if this is intentional, prefix it with an underscore
   |
88 |         let _qubit_count = circuit.qubits.len();
   |             +
help: you might have meant to pattern match on the similarly named constant `MAX_TOTAL_BYTES`
   |
88 -         let qubit_count = circuit.qubits.len();
88 +         let core::artifact_cache::MAX_TOTAL_BYTES = circuit.qubits.len();
   |

warning: unused variable: `circuit`
   --> src\core\circuit_compiler.rs:404:50
    |
404 |     fn gate_to_aeonmi(&self, gate: &QuantumGate, circuit: &QuantumCircuitBuilder) -> Result<String, 
CompilationError> {
    |                                                  ^^^^^^^ help: if this is intentional, prefix it with an 
underscore: `_circuit`

warning: unused variable: `is_quantum`
   --> src\core\code_generator.rs:333:49
    |
333 |             ASTNode::StructDecl { name, fields, is_quantum } => {
    |                                                 ^^^^^^^^^^ help: try ignoring the field: `is_quantum: _`

warning: unused variable: `fields_js`
   --> src\core\code_generator.rs:334:21
    |
334 |                 let fields_js = fields.iter().map(|f| format!("{}:undefined", 
f.name)).collect::<Vec<_>>().join(", ");
    |                     ^^^^^^^^^ help: if this is intentional, prefix it with an underscore: `_fields_js`

warning: unused variable: `param_names`
   --> src\core\lowering.rs:252:13
    |
252 |         let param_names: Vec<String> = params.iter().map(|p| p.name.clone()).collect();
    |             ^^^^^^^^^^^ help: if this is intentional, prefix it with an underscore: `_param_names`

warning: unused variable: `attempt_body`
   --> src\core\lowering.rs:325:26
    |
325 |     A::QuantumTryCatch { attempt_body, error_probability, catch_body, success_body: _ } => {
    |                          ^^^^^^^^^^^^ help: try ignoring the field: `attempt_body: _`

warning: unused variable: `catch_body`
   --> src\core\lowering.rs:325:59
    |
325 |     A::QuantumTryCatch { attempt_body, error_probability, catch_body, success_body: _ } => {
    |                                                           ^^^^^^^^^^ help: try ignoring the field: `catch_body: 
_`

warning: unused variable: `lowered_body`
   --> src\core\lowering.rs:343:13
    |
343 |         let lowered_body: Result<Vec<Stmt>, String> = body.iter().map(lower_stmt_ast).collect();
    |             ^^^^^^^^^^^^ help: if this is intentional, prefix it with an underscore: `_lowered_body`

warning: unused variable: `lowered_body`
   --> src\core\lowering.rs:355:13
    |
355 |         let lowered_body: Result<Vec<Stmt>, String> = body.iter().map(lower_stmt_ast).collect();
    |             ^^^^^^^^^^^^ help: if this is intentional, prefix it with an underscore: `_lowered_body`

warning: unused variable: `fields`
   --> src\core\lowering.rs:365:27
    |
365 |     A::StructDecl { name, fields, .. } => {
    |                           ^^^^^^-
    |                           |
    |                           help: try removing the field

warning: unused variable: `variants`
   --> src\core\lowering.rs:375:25
    |
375 |     A::EnumDecl { name, variants, .. } => {
    |                         ^^^^^^^^-
    |                         |
    |                         help: try removing the field

warning: unused variable: `name`
   --> src\core\lowering.rs:401:42
    |
401 |                 MatchPattern::Identifier(name) => {
    |                                          ^^^^ help: if this is intentional, prefix it with an underscore: `_name`

warning: unused variable: `body`
   --> src\core\lowering.rs:465:38
    |
465 |     A::AsyncFunction { name, params, body, line, column } => {
    |                                      ^^^^ help: try ignoring the field: `body: _`

warning: unused variable: `line`
   --> src\core\lowering.rs:465:44
    |
465 |     A::AsyncFunction { name, params, body, line, column } => {
    |                                            ^^^^ help: try ignoring the field: `line: _`

warning: unused variable: `column`
   --> src\core\lowering.rs:465:50
    |
465 |     A::AsyncFunction { name, params, body, line, column } => {
    |                                                  ^^^^^^ help: try ignoring the field: `column: _`

warning: unused variable: `param_names`
   --> src\core\lowering.rs:466:13
    |
466 |         let param_names: Vec<String> = params.iter().map(|p| p.name.clone()).collect();
    |             ^^^^^^^^^^^ help: if this is intentional, prefix it with an underscore: `_param_names`

Some errors have detailed explanations: E0004, E0433.
For more information about an error, try `rustc --explain E0004`.
warning: `aeonmi_project` (lib) generated 27 warnings
error: could not compile `aeonmi_project` (lib) due to 8 previous errors; 27 warnings emitted
