cargo :    Compiling aeonmi_project 
v1.0.0-quantum-consciousness (C:\Users\wlwil\Downl
oads\Aeonmi-SPACEJEDI\Aeonmi-SPACEJEDI)
At line:1 char:1
+ cargo test --lib 2>&1 | Tee-Object 
test_output.txt | Select-String -P ...
+ ~~~~~~~~~~~~~~~~~~~~~
    + CategoryInfo          : NotSpecified: (   C 
   ompiling ae...onmi-SPACEJEDI):String) [], Rem  
  oteException
    + FullyQualifiedErrorId : NativeCommandError
 
warning: unused import: `std::path::PathBuf`
 --> src\sandbox\tests.rs:3:5
  |
3 | use std::path::PathBuf;
  |     ^^^^^^^^^^^^^^^^^^
  |
  = note: `-W unused-imports` implied by `-W 
unused`
  = help: to override `-W unused` add 
`#[allow(unused_imports)]`

warning: unused variable: `config`
   --> src\editor\server.rs:117:9
    |
117 |     let config = Config::new();
    |         ^^^^^^ help: if this is 
intentional, prefix it with an underscore: 
`_config`
    |
    = note: `-W unused-variables` implied by `-W 
unused`
    = help: to override `-W unused` add 
`#[allow(unused_variables)]`

warning: unused import: 
`crate::core::enhanced_error`
 --> src\core\quantum_bridge.rs:7:5
  |
7 | use crate::core::enhanced_error::*;
  |     ^^^^^^^^^^^^^^^^^^^^^^^^^^^

warning: unused import: `std::io::Write`
  --> src\core\quantum_bridge.rs:10:5
   |
10 | use std::io::Write;
   |     ^^^^^^^^^^^^^^

warning: unused variable: `cli`
   --> src\cli_integration.rs:278:5
    |
278 |     cli: &AeonCli,
    |     ^^^ help: if this is intentional, 
prefix it with an underscore: `_cli`

warning: unused variable: `cli`
   --> src\cli_integration.rs:331:24
    |
331 | fn handle_dev_commands(cli: &AeonCli, 
action: &crate::cli_enhanced::DevCommand) -> 
Result<()> {
    |                        ^^^ help: if this is 
intentional, prefix it with an underscore: `_cli`

warning: unused variable: `cli`
   --> src\cli_integration.rs:392:5
    |
392 |     cli: &AeonCli,
    |     ^^^ help: if this is intentional, 
prefix it with an underscore: `_cli`

warning: unused variable: `cli`
   --> src\cli_integration.rs:462:5
    |
462 |     cli: &AeonCli,
    |     ^^^ help: if this is intentional, 
prefix it with an underscore: `_cli`

warning: unused variable: `cli`
   --> src\cli_integration.rs:512:5
    |
512 |     cli: &AeonCli,
    |     ^^^ help: if this is intentional, 
prefix it with an underscore: `_cli`

warning: unused variable: `cli`
   --> src\cli_integration.rs:525:5
    |
525 |     cli: &AeonCli,
    |     ^^^ help: if this is intentional, 
prefix it with an underscore: `_cli`

warning: unused variable: `cli`
   --> src\cli_integration.rs:540:5
    |
540 |     cli: &AeonCli,
    |     ^^^ help: if this is intentional, 
prefix it with an underscore: `_cli`

warning: unused variable: `cli`
   --> src\cli_integration.rs:559:24
    |
559 | fn handle_lsp_commands(cli: &AeonCli, 
action: &crate::cli_enhanced::LspCommand) -> 
Result<()> {
    |                        ^^^ help: if this is 
intentional, prefix it with an underscore: `_cli`

warning: unused variable: `cli`
   --> src\cli_integration.rs:585:5
    |
585 |     cli: &AeonCli,
    |     ^^^ help: if this is intentional, 
prefix it with an underscore: `_cli`

warning: unused variable: `cli`
   --> src\cli_integration.rs:623:27
    |
623 | fn handle_version_command(cli: &AeonCli, 
verbose: bool) -> Result<()> {
    |                           ^^^ help: if this 
is intentional, prefix it with an underscore: 
`_cli`

warning: unused variable: `file`
   --> src\cli_integration.rs:683:5
    |
683 |     file: &std::path::Path,
    |     ^^^^ help: if this is intentional, 
prefix it with an underscore: `_file`

warning: unused variable: `check`
   --> src\cli_integration.rs:684:5
    |
684 |     check: bool,
    |     ^^^^^ help: if this is intentional, 
prefix it with an underscore: `_check`

warning: unused variable: `config`
   --> src\cli_integration.rs:685:5
    |
685 |     config: Option<&std::path::Path>,
    |     ^^^^^^ help: if this is intentional, 
prefix it with an underscore: `_config`

warning: unused variable: `file`
   --> src\cli_integration.rs:713:5
    |
713 |     file: &std::path::Path,
    |     ^^^^ help: if this is intentional, 
prefix it with an underscore: `_file`

warning: unused variable: `fix`
   --> src\cli_integration.rs:714:5
    |
714 |     fix: bool,
    |     ^^^ help: if this is intentional, 
prefix it with an underscore: `_fix`

warning: unused variable: `config`
   --> src\cli_integration.rs:715:5
    |
715 |     config: Option<&std::path::Path>,
    |     ^^^^^^ help: if this is intentional, 
prefix it with an underscore: `_config`

warning: unused variable: `file`
   --> src\cli_integration.rs:726:5
    |
726 |     file: &std::path::Path,
    |     ^^^^ help: if this is intentional, 
prefix it with an underscore: `_file`

warning: unused variable: `backend`
   --> src\cli_integration.rs:727:5
    |
727 |     backend: &str,
    |     ^^^^^^^ help: if this is intentional, 
prefix it with an underscore: `_backend`

warning: unused variable: `shots`
   --> src\cli_integration.rs:728:5
    |
728 |     shots: usize,
    |     ^^^^^ help: if this is intentional, 
prefix it with an underscore: `_shots`

warning: unused variable: `optimize`
   --> src\cli_integration.rs:729:5
    |
729 |     optimize: Option<u8>,
    |     ^^^^^^^^ help: if this is intentional, 
prefix it with an underscore: `_optimize`

warning: unused variable: `file`
   --> src\cli_integration.rs:738:29
    |
738 | fn simulate_quantum_circuit(file: 
&std::path::Path, shots: usize, statevector: 
bool) -> Result<()> {
    |                             ^^^^ help: if 
this is intentional, prefix it with an 
underscore: `_file`

warning: unused variable: `shots`
   --> src\cli_integration.rs:738:53
    |
738 | fn simulate_quantum_circuit(file: 
&std::path::Path, shots: usize, statevector: 
bool) -> Result<()> {
    |                                             
        ^^^^^ help: if this is intentional, 
prefix it with an underscore: `_shots`

warning: unused variable: `statevector`
   --> src\cli_integration.rs:738:67
    |
738 | fn simulate_quantum_circuit(file: 
&std::path::Path, shots: usize, statevector: 
bool) -> Result<()> {
    |                                             
                      ^^^^^^^^^^^ help: if this 
is intentional, prefix it with an underscore: 
`_statevector`

warning: unused variable: `file`
   --> src\cli_integration.rs:743:5
    |
743 |     file: &std::path::Path,
    |     ^^^^ help: if this is intentional, 
prefix it with an underscore: `_file`

warning: unused variable: `format`
   --> src\cli_integration.rs:744:5
    |
744 |     format: &str,
    |     ^^^^^^ help: if this is intentional, 
prefix it with an underscore: `_format`

warning: unused variable: `output`
   --> src\cli_integration.rs:745:5
    |
745 |     output: Option<&std::path::Path>,
    |     ^^^^^^ help: if this is intentional, 
prefix it with an underscore: `_output`

warning: unused variable: `file`
   --> src\cli_integration.rs:751:16
    |
751 | fn debug_lexer(file: &std::path::Path) -> 
Result<()> {
    |                ^^^^ help: if this is 
intentional, prefix it with an underscore: `_file`

warning: unused variable: `file`
   --> src\cli_integration.rs:755:17
    |
755 | fn debug_parser(file: &std::path::Path) -> 
Result<()> {
    |                 ^^^^ help: if this is 
intentional, prefix it with an underscore: `_file`

warning: unused variable: `file`
   --> src\cli_integration.rs:759:28
    |
759 | fn debug_semantic_analysis(file: 
&std::path::Path) -> Result<()> {
    |                            ^^^^ help: if 
this is intentional, prefix it with an 
underscore: `_file`

warning: unused variable: `file`
   --> src\cli_integration.rs:763:26
    |
763 | fn debug_code_generation(file: 
&std::path::Path) -> Result<()> {
    |                          ^^^^ help: if this 
is intentional, prefix it with an underscore: 
`_file`

warning: unused variable: `file`
   --> src\cli_integration.rs:767:22
    |
767 | fn profile_execution(file: 
&std::path::Path, mode: &str) -> Result<()> {
    |                      ^^^^ help: if this is 
intentional, prefix it with an underscore: `_file`

warning: unused variable: `mode`
   --> src\cli_integration.rs:767:46
    |
767 | fn profile_execution(file: 
&std::path::Path, mode: &str) -> Result<()> {
    |                                             
 ^^^^ help: if this is intentional, prefix it 
with an underscore: `_mode`

warning: unused variable: `file`
   --> src\cli_integration.rs:781:12
    |
781 | fn show_ir(file: &std::path::Path, 
optimize: Option<u8>) -> Result<()> {
    |            ^^^^ help: if this is 
intentional, prefix it with an underscore: `_file`

warning: unused variable: `optimize`
   --> src\cli_integration.rs:781:36
    |
781 | fn show_ir(file: &std::path::Path, 
optimize: Option<u8>) -> Result<()> {
    |                                    ^^^^^^^^ 
help: if this is intentional, prefix it with an 
underscore: `_optimize`

warning: unused variable: `file`
   --> src\cli_integration.rs:785:25
    |
785 | fn disassemble_bytecode(file: 
&std::path::Path) -> Result<()> {
    |                         ^^^^ help: if this 
is intentional, prefix it with an underscore: 
`_file`

warning: unused variable: `dependency`
   --> src\cli_integration.rs:794:19
    |
794 | fn add_dependency(dependency: &str, 
version: Option<&str>, dev: bool) -> Result<()> {
    |                   ^^^^^^^^^^ help: if this 
is intentional, prefix it with an underscore: 
`_dependency`

warning: unused variable: `version`
   --> src\cli_integration.rs:794:37
    |
794 | fn add_dependency(dependency: &str, 
version: Option<&str>, dev: bool) -> Result<()> {
    |                                     ^^^^^^^ 
help: if this is intentional, prefix it with an 
underscore: `_version`

warning: unused variable: `dev`
   --> src\cli_integration.rs:794:60
    |
794 | fn add_dependency(dependency: &str, 
version: Option<&str>, dev: bool) -> Result<()> {
    |                                             
               ^^^ help: if this is intentional, 
prefix it with an underscore: `_dev`

warning: unused variable: `dependency`
   --> src\cli_integration.rs:798:22
    |
798 | fn remove_dependency(dependency: &str) -> 
Result<()> {
    |                      ^^^^^^^^^^ help: if 
this is intentional, prefix it with an 
underscore: `_dependency`

warning: unused variable: `dependency`
   --> src\cli_integration.rs:802:22
    |
802 | fn update_dependency(dependency: 
Option<&str>) -> Result<()> {
    |                      ^^^^^^^^^^ help: if 
this is intentional, prefix it with an 
underscore: `_dependency`

warning: unused variable: `all`
   --> src\cli_integration.rs:810:18
    |
810 | fn clean_project(all: bool) -> Result<()> {
    |                  ^^^ help: if this is 
intentional, prefix it with an underscore: `_all`

warning: unused variable: `output`
   --> src\cli_integration.rs:815:20
    |
815 | fn package_project(output: 
Option<&std::path::Path>, format: &str) -> 
Result<()> {
    |                    ^^^^^^ help: if this is 
intentional, prefix it with an underscore: 
`_output`

warning: unused variable: `format`
   --> src\cli_integration.rs:815:54
    |
815 | fn package_project(output: 
Option<&std::path::Path>, format: &str) -> 
Result<()> {
    |                                             
         ^^^^^^ help: if this is intentional, 
prefix it with an underscore: `_format`

warning: unused variable: `dry_run`
   --> src\cli_integration.rs:819:20
    |
819 | fn publish_package(dry_run: bool, registry: 
Option<&str>) -> Result<()> {
    |                    ^^^^^^^ help: if this is 
intentional, prefix it with an underscore: 
`_dry_run`

warning: unused variable: `registry`
   --> src\cli_integration.rs:819:35
    |
819 | fn publish_package(dry_run: bool, registry: 
Option<&str>) -> Result<()> {
    |                                   ^^^^^^^^ 
help: if this is intentional, prefix it with an 
underscore: `_registry`

warning: unused variable: `package`
   --> src\cli_integration.rs:823:20
    |
823 | fn install_package(package: &str, version: 
Option<&str>) -> Result<()> {
    |                    ^^^^^^^ help: if this is 
intentional, prefix it with an underscore: 
`_package`

warning: unused variable: `version`
   --> src\cli_integration.rs:823:35
    |
823 | fn install_package(package: &str, version: 
Option<&str>) -> Result<()> {
    |                                   ^^^^^^^ 
help: if this is intentional, prefix it with an 
underscore: `_version`

warning: unused variable: `package`
   --> src\cli_integration.rs:827:22
    |
827 | fn uninstall_package(package: &str) -> 
Result<()> {
    |                      ^^^^^^^ help: if this 
is intentional, prefix it with an underscore: 
`_package`

warning: unused variable: `query`
   --> src\cli_integration.rs:835:20
    |
835 | fn search_packages(query: &str) -> 
Result<()> {
    |                    ^^^^^ help: if this is 
intentional, prefix it with an underscore: 
`_query`

warning: unused variable: `filter`
   --> src\cli_integration.rs:846:5
    |
846 |     filter: Option<&str>,
    |     ^^^^^^ help: if this is intentional, 
prefix it with an underscore: `_filter`

warning: unused variable: `save`
   --> src\cli_integration.rs:847:5
    |
847 |     save: Option<&std::path::Path>,
    |     ^^^^ help: if this is intentional, 
prefix it with an underscore: `_save`

warning: unused variable: `compare`
   --> src\cli_integration.rs:848:5
    |
848 |     compare: Option<&std::path::Path>,
    |     ^^^^^^^ help: if this is intentional, 
prefix it with an underscore: `_compare`

warning: unused variable: `private`
   --> src\cli_integration.rs:853:27
    |
853 | fn generate_documentation(private: bool, 
target_dir: Option<&std::path::Path>) -> 
Result<()> {
    |                           ^^^^^^^ help: if 
this is intentional, prefix it with an 
underscore: `_private`

warning: unused variable: `target_dir`
   --> src\cli_integration.rs:853:42
    |
853 | fn generate_documentation(private: bool, 
target_dir: Option<&std::path::Path>) -> 
Result<()> {
    |                                          
^^^^^^^^^^ help: if this is intentional, prefix 
it with an underscore: `_target_dir`

warning: unused variable: `target_dir`
   --> src\cli_integration.rs:857:23
    |
857 | fn open_documentation(target_dir: 
Option<&std::path::Path>) -> Result<()> {
    |                       ^^^^^^^^^^ help: if 
this is intentional, prefix it with an 
underscore: `_target_dir`

warning: unused variable: `port`
   --> src\cli_integration.rs:861:21
    |
861 | fn start_lsp_server(port: Option<u16>, 
log_level: &str) -> Result<()> {
    |                     ^^^^ help: if this is 
intentional, prefix it with an underscore: `_port`

warning: unused variable: `log_level`
   --> src\cli_integration.rs:861:40
    |
861 | fn start_lsp_server(port: Option<u16>, 
log_level: &str) -> Result<()> {
    |                                        
^^^^^^^^^ help: if this is intentional, prefix it 
with an underscore: `_log_level`

warning: unused variable: `key`
   --> src\cli_integration.rs:877:22
    |
877 | fn set_configuration(key: &str, value: 
&str) -> Result<()> {
    |                      ^^^ help: if this is 
intentional, prefix it with an underscore: `_key`

warning: unused variable: `value`
   --> src\cli_integration.rs:877:33
    |
877 | fn set_configuration(key: &str, value: 
&str) -> Result<()> {
    |                                 ^^^^^ help: 
if this is intentional, prefix it with an 
underscore: `_value`

warning: unused variable: `key`
   --> src\cli_integration.rs:881:22
    |
881 | fn get_configuration(key: &str) -> 
Result<()> {
    |                      ^^^ help: if this is 
intentional, prefix it with an underscore: `_key`

warning: unused variable: `key`
   --> src\cli_integration.rs:885:28
    |
885 | fn reset_configuration_key(key: &str) -> 
Result<()> {
    |                            ^^^ help: if 
this is intentional, prefix it with an 
underscore: `_key`

warning: unused variable: `workspace`
    --> src\cli_integration.rs:1018:17
     |
1018 |             let workspace = 
create_workspace(workspace_path.clone(), 
Some(config))?;
     |                 ^^^^^^^^^ help: if this is 
intentional, prefix it with an underscore: 
`_workspace`

warning: unused variable: `ws`
    --> src\cli_integration.rs:1095:17
     |
1095 |             let ws = 
AeonmiWorkspace::load(workspace_path.clone())?;
     |                 ^^ help: if this is 
intentional, prefix it with an underscore: `_ws`

warning: unused variable: `ws`
    --> src\cli_integration.rs:1132:17
     |
1132 |             let ws = 
AeonmiWorkspace::load(workspace_path.clone())?;
     |                 ^^ help: if this is 
intentional, prefix it with an underscore: `_ws`

warning: unused variable: `cli`
   --> src\cli_integration.rs:978:27
    |
978 | fn handle_sandbox_command(cli: &AeonCli, 
action: &SandboxCommand) -> Result<()> {
    |                           ^^^ help: if this 
is intentional, prefix it with an underscore: 
`_cli`

warning: unused variable: `execution_mode`
   --> src\commands\enhanced.rs:452:9
    |
452 |     let execution_mode = if native {
    |         ^^^^^^^^^^^^^^ help: if this is 
intentional, prefix it with an underscore: 
`_execution_mode`

warning: unused variable: `config`
   --> src\commands\enhanced.rs:727:5
    |
727 |     config: BuildConfig,
    |     ^^^^^^ help: if this is intentional, 
prefix it with an underscore: `_config`

warning: unused variable: `file`
   --> src\commands\enhanced.rs:728:5
    |
728 |     file: Option<&Path>,
    |     ^^^^ help: if this is intentional, 
prefix it with an underscore: `_file`

warning: unused variable: `args`
   --> src\commands\enhanced.rs:729:5
    |
729 |     args: &[String],
    |     ^^^^ help: if this is intentional, 
prefix it with an underscore: `_args`

warning: unused variable: `native`
   --> src\commands\enhanced.rs:730:5
    |
730 |     native: bool,
    |     ^^^^^^ help: if this is intentional, 
prefix it with an underscore: `_native`

warning: unused variable: `bytecode`
   --> src\commands\enhanced.rs:731:5
    |
731 |     bytecode: bool,
    |     ^^^^^^^^ help: if this is intentional, 
prefix it with an underscore: `_bytecode`

warning: unused variable: `quantum_backend`
   --> src\commands\enhanced.rs:732:5
    |
732 |     quantum_backend: Option<&str>,
    |     ^^^^^^^^^^^^^^^ help: if this is 
intentional, prefix it with an underscore: 
`_quantum_backend`

warning: unused variable: `config`
   --> src\commands\enhanced.rs:740:5
    |
740 |     config: BuildConfig,
    |     ^^^^^^ help: if this is intentional, 
prefix it with an underscore: `_config`

warning: unused variable: `manifest_path`
   --> src\commands\enhanced.rs:741:5
    |
741 |     manifest_path: Option<&Path>,
    |     ^^^^^^^^^^^^^ help: if this is 
intentional, prefix it with an underscore: 
`_manifest_path`

warning: unused variable: `filter`
   --> src\commands\enhanced.rs:742:5
    |
742 |     filter: Option<&str>,
    |     ^^^^^^ help: if this is intentional, 
prefix it with an underscore: `_filter`

warning: unused variable: `config`
   --> src\commands\enhanced.rs:750:5
    |
750 |     config: BuildConfig,
    |     ^^^^^^ help: if this is intentional, 
prefix it with an underscore: `_config`

warning: unused variable: `manifest_path`
   --> src\commands\enhanced.rs:751:5
    |
751 |     manifest_path: Option<&Path>,
    |     ^^^^^^^^^^^^^ help: if this is 
intentional, prefix it with an underscore: 
`_manifest_path`

warning: unused variable: `files`
   --> src\commands\enhanced.rs:752:5
    |
752 |     files: &[PathBuf],
    |     ^^^^^ help: if this is intentional, 
prefix it with an underscore: `_files`

warning: unused variable: `syntax_only`
   --> src\commands\enhanced.rs:753:5
    |
753 |     syntax_only: bool,
    |     ^^^^^^^^^^^ help: if this is 
intentional, prefix it with an underscore: 
`_syntax_only`

warning: unused variable: `source`
   --> src\commands\enhanced.rs:782:24
    |
782 | fn compile_to_bytecode(source: &str, 
output: &Path, opts: &CompilerOptions) -> 
Result<()> {
    |                        ^^^^^^ help: if this 
is intentional, prefix it with an underscore: 
`_source`

warning: unused variable: `opts`
   --> src\commands\enhanced.rs:793:55
    |
793 | fn compile_to_javascript(source: &str, 
output: &Path, opts: &CompilerOptions) -> 
Result<()> {
    |                                             
          ^^^^ help: if this is intentional, 
prefix it with an underscore: `_opts`

warning: unused variable: `opts`
   --> src\commands\enhanced.rs:821:54
    |
821 | fn compile_to_aeonmi_ir(source: &str, 
output: &Path, opts: &CompilerOptions) -> 
Result<()> {
    |                                             
         ^^^^ help: if this is intentional, 
prefix it with an underscore: `_opts`

warning: unused variable: `source`
   --> src\commands\enhanced.rs:848:22
    |
848 | fn compile_to_native(source: &str, output: 
&Path, opts: &CompilerOptions) -> Result<()> {
    |                      ^^^^^^ help: if this 
is intentional, prefix it with an underscore: 
`_source`

warning: unused variable: `output`
   --> src\commands\enhanced.rs:848:36
    |
848 | fn compile_to_native(source: &str, output: 
&Path, opts: &CompilerOptions) -> Result<()> {
    |                                    ^^^^^^ 
help: if this is intentional, prefix it with an 
underscore: `_output`

warning: unused variable: `opts`
   --> src\commands\enhanced.rs:848:51
    |
848 | fn compile_to_native(source: &str, output: 
&Path, opts: &CompilerOptions) -> Result<()> {
    |                                             
      ^^^^ help: if this is intentional, prefix 
it with an underscore: `_opts`

warning: unused variable: `source`
   --> src\commands\enhanced.rs:853:20
    |
853 | fn compile_to_qasm(source: &str, output: 
&Path, opts: &CompilerOptions) -> Result<()> {
    |                    ^^^^^^ help: if this is 
intentional, prefix it with an underscore: 
`_source`

warning: unused variable: `output`
   --> src\commands\enhanced.rs:853:34
    |
853 | fn compile_to_qasm(source: &str, output: 
&Path, opts: &CompilerOptions) -> Result<()> {
    |                                  ^^^^^^ 
help: if this is intentional, prefix it with an 
underscore: `_output`

warning: unused variable: `opts`
   --> src\commands\enhanced.rs:853:49
    |
853 | fn compile_to_qasm(source: &str, output: 
&Path, opts: &CompilerOptions) -> Result<()> {
    |                                             
    ^^^^ help: if this is intentional, prefix it 
with an underscore: `_opts`

warning: unused variable: `source`
   --> src\commands\enhanced.rs:858:20
    |
858 | fn compile_to_wasm(source: &str, output: 
&Path, opts: &CompilerOptions) -> Result<()> {
    |                    ^^^^^^ help: if this is 
intentional, prefix it with an underscore: 
`_source`

warning: unused variable: `output`
   --> src\commands\enhanced.rs:858:34
    |
858 | fn compile_to_wasm(source: &str, output: 
&Path, opts: &CompilerOptions) -> Result<()> {
    |                                  ^^^^^^ 
help: if this is intentional, prefix it with an 
underscore: `_output`

warning: unused variable: `opts`
   --> src\commands\enhanced.rs:858:49
    |
858 | fn compile_to_wasm(source: &str, output: 
&Path, opts: &CompilerOptions) -> Result<()> {
    |                                             
    ^^^^ help: if this is intentional, prefix it 
with an underscore: `_opts`

warning: unused variable: `content`
   --> src\commands\enhanced.rs:888:9
    |
888 |     let content = 
fs::read_to_string(manifest)?;
    |         ^^^^^^^ help: if this is 
intentional, prefix it with an underscore: 
`_content`

warning: unused variable: `compiled_files`
   --> src\commands\enhanced.rs:983:5
    |
983 |     compiled_files: &[PathBuf],
    |     ^^^^^^^^^^^^^^ help: if this is 
intentional, prefix it with an underscore: 
`_compiled_files`

warning: unused variable: `compiled_files`
   --> src\commands\enhanced.rs:991:49
    |
991 | fn combine_compiled_files(config: 
&BuildConfig, compiled_files: &[PathBuf]) -> 
Result<PathBuf> {
    |                                             
    ^^^^^^^^^^^^^^ help: if this is intentional, 
prefix it with an underscore: `_compiled_files`

warning: unused variable: `config`
   --> src\commands\enhanced.rs:998:5
    |
998 |     config: &BuildConfig,
    |     ^^^^^^ help: if this is intentional, 
prefix it with an underscore: `_config`

warning: unused variable: `test_file`
   --> src\commands\enhanced.rs:999:5
    |
999 |     test_file: &Path,
    |     ^^^^^^^^^ help: if this is intentional, 
prefix it with an underscore: `_test_file`

warning: unused `std::result::Result` that must 
be used
   --> src\sandbox\process_manager.rs:474:29
    |
474 | ...                   
safe_kill_by_pid(child.id());
    |                       
^^^^^^^^^^^^^^^^^^^^^^^^^^^^
    |
    = note: this `Result` may be an `Err` 
variant, which should be handled
    = note: `-W unused-must-use` implied by `-W 
unused`
    = help: to override `-W unused` add 
`#[allow(unused_must_use)]`
help: use `let _ = ...` to ignore the resulting 
value
    |
474 |                             let _ = 
safe_kill_by_pid(child.id());
    |                             +++++++

warning: unused `std::result::Result` that must 
be used
   --> src\sandbox\process_manager.rs:489:29
    |
489 | ...                   
safe_kill_by_pid(child.id());
    |                       
^^^^^^^^^^^^^^^^^^^^^^^^^^^^
    |
    = note: this `Result` may be an `Err` 
variant, which should be handled
help: use `let _ = ...` to ignore the resulting 
value
    |
489 |                             let _ = 
safe_kill_by_pid(child.id());
    |                             +++++++

warning: `aeonmi_project` (lib test) generated 
102 warnings (run `cargo fix --lib -p 
aeonmi_project --tests` to apply 1 suggestion)
    Finished `test` profile [unoptimized + 
debuginfo] target(s) in 9.42s
     Running unittests src\lib.rs (target\debug\de
ps\aeonmi_project-632d02bc4fff7e8c.exe)

running 89 tests
test core::ast::tests::test_if_else_node ... ok
test core::ast::tests::test_quantum_op_node ... ok
test core::ast::tests::test_assignment_and_call_nodes ... ok
test core::bytecode::tests::arithmetic_const_folding ... ok
test core::circuit_builder::tests::test_bell_state_circuit ... ok
test core::bytecode::tests::dead_code_elimination_while ... ok
test core::bytecode::tests::disassembly_lists_functions ... ok
test core::bytecode::tests::dead_code_elimination_if ... ok
test core::circuit_builder::tests::test_quantum_fourier_transform ... ok
test core::circuit_builder::tests::test_circuit_builder_creation ... ok
test core::circuit_compiler::tests::test_qasm_compilation ... ok
test core::circuit_visualization::tests::test_bell_state_visualization ... ok
test core::circuit_visualization::tests::test_json_output ... ok
test core::circuit_compiler::tests::test_qiskit_compilation ... ok
test core::code_generator::tests::gen_let_and_log_js ... ok
test core::code_generator::tests::gen_minimal_ai_backend ... ok
test core::code_generator::tests::gen_assignment_and_call_js ... ok
test core::compiler::tests::test_empty_code_fails ... ok
test core::compiler::tests::test_validation_passes ... ok
test core::error::tests::test_general_error ... ok
test core::error::tests::test_interpretation_error ... ok
test core::error::tests::test_invalid_operation_error ... ok
test core::error::tests::test_io_error ... ok
test core::hardware_integration::tests::test_circuit_construction ... ok
test core::lexer::tests::invalid_unterminated_ket ... ok
test core::hardware_integration::tests::test_hardware_manager_creation ... ok
test core::lexer::tests::parses_qubit_literal ... ok
test core::lexer::tests::ket_vs_closure_disambiguation ... ok
test core::compiler::tests::test_full_pipeline_runs ... ok
test core::quantum_algorithms::tests::test_bernstein_vazirani ... ok
test core::quantum_algorithms::tests::test_deutsch_jozsa ... ok
test core::quantum_algorithms::tests::test_grovers_search ... ok
test core::quantum_algorithms::tests::test_quantum_teleportation ... ok
test core::quantum_algorithms::tests::test_shors_factoring ... ok
test core::quantum_simulator::tests::test_hadamard_gate ... ok
test core::hardware_integration::tests::test_job_submission ... ok
test core::quantum_simulator::tests::test_quantum_state_creation ... ok
test core::quantum_simulator::tests::test_quantum_simulator ... ok
test core::quantum_simulator::tests::test_simulator_reset ... ok
test core::quantum_simulator::tests::test_superposition_states ... ok
test core::semantic_analyzer::tests::assignment_to_undeclared_fails ... ok
test core::semantic_analyzer::tests::assignment_to_declared_ok ... ok
test core::semantic_analyzer::tests::semantic_diagnostic_fields_are_readable ... ok
test core::semantic_analyzer::tests::unreachable_after_return_warns ... ok
test core::semantic_analyzer::tests::redeclare_fails ... ok
test core::semantic_analyzer::tests::unused_variable_warning ... ok
test core::titan::optimization::tests::test_golden_section_search ... ok
test core::titan::optimization::tests::test_gradient_descent ... ok
test core::titan::statistics::tests::test_mean ... ok
test core::titan::statistics::tests::test_median ... ok
test core::titan::statistics::tests::test_mode ... ok
test core::titan::statistics::tests::test_standard_deviation ... ok
test core::titan::statistics::tests::test_percentile ... ok
test core::titan::statistics::tests::test_variance ... ok
test project::parser::tests::parse_function_and_test ... ok
test project::parser::tests::run_test_failure ... ok
test quantum_ast_tests::quantum_ast_integration_tests::test_ai_learning_block_generation ... ok
test quantum_ast_tests::quantum_ast_integration_tests::run_all_quantum_ast_tests ... ok
test quantum_ast_tests::quantum_ast_integration_tests::test_quantum_binary_expr_generation ... ok
test quantum_ast_tests::quantum_ast_integration_tests::test_probability_branch_generation ... ok
test quantum_ast_tests::quantum_ast_integration_tests::test_quantum_function_generation ... ok
test quantum_ast_tests::quantum_ast_integration_tests::test_quantum_loop_generation ... ok
test quantum_ast_tests::quantum_ast_integration_tests::test_superposition_switch_generation ... ok
test quantum_ast_tests::quantum_ast_integration_tests::test_time_block_generation ... ok
test project::tests::detect_missing_main ... ok
test project::tests::build_and_run_simple_program ... ok
test sandbox::filesystem::tests::test_filesystem_guard ... ok
test sandbox::filesystem::tests::test_file_operations ... ok
test sandbox::filesystem::tests::test_parent_directory_restriction ... ok
test sandbox::filesystem::tests::test_read_only_mode ... ok
test sandbox::filesystem::tests::test_sandbox_creation ... ok
test sandbox::process_manager::tests::test_blocked_commands ... ok
test sandbox::filesystem::tests::test_sandbox_with_root ... ok
test sandbox::process_manager::tests::test_process_limits ... ok
test sandbox::process_manager::tests::test_process_manager_creation ... ok
test sandbox::process_manager::tests::test_process_killing ... ok
test sandbox::tests::integration_tests::test_full_sandbox_workflow ... ok
test sandbox::tests::test_execution_limits ... ok
test sandbox::tests::test_process_manager ... ok
test sandbox::tests::test_sandboxed_filesystem ... ok
test sandbox::tests::test_workspace_cleanup ... ok
test sandbox::tests::test_workspace_creation ... ok
test sandbox::tests::test_workspace_file_operations ... ok
test sandbox::workspace::tests::test_file_operations ... ok
test sandbox::workspace::tests::test_path_validation ... ok
test sandbox::workspace::tests::test_workspace_creation ... ok
test sandbox::execution::tests::test_execution_manager ... ok
test sandbox::process_manager::tests::test_process_timeout ... ok
test sandbox::execution::tests::test_execution_limits has been running for over 60 seconds
